******************************************************************************
            TI ARM Clang Linker PC v4.0.3                      
******************************************************************************
>> Linked Thu Jul 31 19:00:54 2025

OUTPUT FILE NAME:   <Gray_Sensor.out>
ENTRY POINT SYMBOL: "_c_int00_noargs"  address: 00002029


MEMORY CONFIGURATION

         name            origin    length      used     unused   attr    fill
----------------------  --------  ---------  --------  --------  ----  --------
  FLASH                 00000000   00020000  000022b8  0001dd48  R  X
  SRAM                  20200000   00008000  00000565  00007a9b  RW X
  BCR_CONFIG            41c00000   000000ff  00000000  000000ff  R   
  BSL_CONFIG            41c00100   00000080  00000000  00000080  R   


SEGMENT ALLOCATION MAP

run origin  load origin   length   init length attrs members
----------  ----------- ---------- ----------- ----- -------
00000000    00000000    000022b8   000022b8    r-x
  00000000    00000000    000000c0   000000c0    r-- .intvecs
  000000c0    000000c0    00002110   00002110    r-x .text
  000021d0    000021d0    00000090   00000090    r-- .rodata
  00002260    00002260    00000058   00000058    r-- .cinit
20200000    20200000    00000368   00000000    rw-
  20200000    20200000    00000229   00000000    rw- .bss
  2020022c    2020022c    0000013c   00000000    rw- .data
20207e00    20207e00    00000200   00000000    rw-
  20207e00    20207e00    00000200   00000000    rw- .stack


SECTION ALLOCATION MAP

 output                                  attributes/
section   page    origin      length       input sections
--------  ----  ----------  ----------   ----------------
.intvecs   0    00000000    000000c0     
                  00000000    000000c0     startup_mspm0g350x_ticlang.o (.intvecs)

.text      0    000000c0    00002110     
                  000000c0    00000334     main.o (.text.main)
                  000003f4    000002f0     AT8236.o (.text.GrayControl)
                  000006e4    00000294     Grayscale_Sensor.o (.text.No_Mcu_Ganv_Sensor_Task_Without_tick)
                  00000978    00000284     libc.a : _printfi.c.obj (.text:__TI_printfi_minimal)
                  00000bfc    00000234     Grayscale_Sensor.o (.text.normalizeAnalogValues)
                  00000e30    00000192     libclang_rt.builtins.a : adddf3.S.obj (.text.adddf3_subdf3)
                  00000fc2    00000002     startup_mspm0g350x_ticlang.o (.text.Default_Handler)
                  00000fc4    0000018c     Grayscale_Sensor.o (.text.No_MCU_Ganv_Sensor_Init)
                  00001150    0000017c     Grayscale_Sensor.o (.text.Get_Anolog_Value)
                  000012cc    0000010c     libclang_rt.builtins.a : divdf3.S.obj (.text.__divdf3)
                  000013d8    00000104     driverlib.a : dl_timer.o (.text.DL_Timer_initFourCCPWMMode)
                  000014dc    000000e8                 : dl_timer.o (.text.DL_Timer_initTimerMode)
                  000015c4    000000e4     libclang_rt.builtins.a : muldf3.S.obj (.text.__muldf3)
                  000016a8    000000e0     ti_msp_dl_config.o (.text.SYSCFG_DL_PWM_0_init)
                  00001788    000000c0     main.o (.text.TIMA1_IRQHandler)
                  00001848    0000009a     libc.a : memcpy16.S.obj (.text:memcpy)
                  000018e2    00000002     libclang_rt.builtins.a : aeabi_div0.c.obj (.text.__aeabi_idiv0)
                  000018e4    0000007c     libc.a : copy_decompress_lzss.c.obj (.text:decompress:lzss)
                  00001960    00000074     libclang_rt.builtins.a : comparedf2.c.obj (.text.__gedf2)
                  000019d4    00000068     ti_msp_dl_config.o (.text.SYSCFG_DL_GPIO_init)
                  00001a3c    00000068     libclang_rt.builtins.a : comparedf2.c.obj (.text.__ledf2)
                  00001aa4    00000062                            : aeabi_dcmp.S.obj (.text.__aeabi_dcmp)
                  00001b06    00000062     libc.a : memset16.S.obj (.text:memset)
                  00001b68    00000060     ti_msp_dl_config.o (.text.SYSCFG_DL_UART_0_init)
                  00001bc8    00000054     ti_msp_dl_config.o (.text.SYSCFG_DL_ADC12_0_init)
                  00001c1c    00000054     ti_msp_dl_config.o (.text.SYSCFG_DL_initPower)
                  00001c70    0000004a     libclang_rt.builtins.a : fixdfsi.S.obj (.text.__fixdfsi)
                  00001cba    00000002     --HOLE-- [fill = 0]
                  00001cbc    00000048     driverlib.a : dl_uart.o (.text.DL_UART_init)
                  00001d04    00000040                 : dl_adc12.o (.text.DL_ADC12_setClockConfig)
                  00001d44    00000040     ti_msp_dl_config.o (.text.SYSCFG_DL_SYSCTL_init)
                  00001d84    00000040     libclang_rt.builtins.a : aeabi_uidivmod.S.obj (.text.__aeabi_uidivmod)
                  00001dc4    0000003c     AT8236.o (.text.MoveForward)
                  00001e00    0000003c     AT8236.o (.text.TurnLT)
                  00001e3c    0000003c     AT8236.o (.text.TurnRT)
                  00001e78    0000003c     libc.a : autoinit.c.obj (.text:__TI_auto_init_nobinit_nopinit)
                  00001eb4    0000003a     libclang_rt.builtins.a : muldsi3.S.obj (.text.__muldsi3)
                  00001eee    00000002     --HOLE-- [fill = 0]
                  00001ef0    00000038     ti_msp_dl_config.o (.text.SYSCFG_DL_TIM_GAP_init)
                  00001f28    00000038     AT8236.o (.text.Stop)
                  00001f60    00000038     libc.a : sprintf.c.obj (.text.sprintf)
                  00001f98    00000034     ti_msp_dl_config.o (.text.SYSCFG_DL_init)
                  00001fcc    00000030     AT8236.o (.text.MotorInit)
                  00001ffc    0000002c     libclang_rt.builtins.a : floatsidf.S.obj (.text.__floatsidf)
                  00002028    00000028     libc.a : boot_cortex_m.c.obj (.text:_c_int00_noargs)
                  00002050    00000024     libclang_rt.builtins.a : floatunsidf.S.obj (.text.__floatunsidf)
                  00002074    00000022     libc.a : memccpy.c.obj (.text.memccpy)
                  00002096    0000001e     Grayscale_Sensor.o (.text.No_MCU_Ganv_Sensor_Init_Frist)
                  000020b4    0000001c     driverlib.a : dl_timer.o (.text.DL_Timer_setCaptCompUpdateMethod)
                  000020d0    0000001c                 : dl_timer.o (.text.DL_Timer_setClockConfig)
                  000020ec    00000018                 : dl_timer.o (.text.DL_Timer_setCaptureCompareOutCtl)
                  00002104    00000018     libc.a : sprintf.c.obj (.text._outs)
                  0000211c    00000016            : copy_zero_init.c.obj (.text:decompress:ZI:__TI_zero_init_nomemset)
                  00002132    00000012     driverlib.a : dl_uart.o (.text.DL_UART_setClockConfig)
                  00002144    00000012     libc.a : copy_decompress_none.c.obj (.text:decompress:none)
                  00002156    00000002     --HOLE-- [fill = 0]
                  00002158    00000010     driverlib.a : dl_timer.o (.text.DL_Timer_setCaptureCompareValue)
                  00002168    0000000e     libclang_rt.builtins.a : aeabi_memset.S.obj (.text.__aeabi_memset)
                  00002176    0000000e     libc.a : _printfi.c.obj (.text.strlen)
                  00002184    0000000c     libclang_rt.builtins.a : aeabi_memset.S.obj (.text.__aeabi_memclr)
                  00002190    0000000c     main.o (.text.adc_getValue)
                  0000219c    0000000a     driverlib.a : dl_common.o (.text.DL_Common_delayCycles)
                  000021a6    0000000a     libc.a : sprintf.c.obj (.text._outc)
                  000021b0    00000008     libclang_rt.builtins.a : aeabi_memcpy.S.obj (.text.__aeabi_memcpy)
                  000021b8    00000006     Grayscale_Sensor.o (.text.Get_Digtal_For_User)
                  000021be    00000006     libc.a : exit.c.obj (.text:abort)
                  000021c4    00000004     libsysbm.a : hostexit.c.obj (.text.HOSTexit)
                  000021c8    00000004     startup_mspm0g350x_ticlang.o (.text.Reset_Handler)
                  000021cc    00000004     libc.a : pre_init.c.obj (.text._system_pre_init)

.cinit     0    00002260    00000058     
                  00002260    0000002f     (.cinit..data.load) [load image, compression = lzss]
                  0000228f    00000001     --HOLE-- [fill = 0]
                  00002290    0000000c     (__TI_handler_table)
                  0000229c    00000008     (.cinit..bss.load) [load image, compression = zero_init]
                  000022a4    00000010     (__TI_cinit_table)
                  000022b4    00000004     --HOLE-- [fill = 0]

.rodata    0    000021d0    00000090     
                  000021d0    00000021     main.o (.rodata.str1.15159059442110792349.1)
                  000021f1    00000021     main.o (.rodata.str1.8154729771448623357.1)
                  00002212    00000002     ti_msp_dl_config.o (.rodata.gUART_0ClockConfig)
                  00002214    00000014     ti_msp_dl_config.o (.rodata.gTIM_GAPTimerConfig)
                  00002228    00000011     libc.a : _printfi.c.obj (.rodata.str1.15363888844622738466.1)
                  00002239    00000001     --HOLE-- [fill = 0]
                  0000223a    0000000a     ti_msp_dl_config.o (.rodata.gUART_0Config)
                  00002244    00000008     ti_msp_dl_config.o (.rodata.gADC12_0ClockConfig)
                  0000224c    00000008     ti_msp_dl_config.o (.rodata.gPWM_0Config)
                  00002254    00000003     ti_msp_dl_config.o (.rodata.gPWM_0ClockConfig)
                  00002257    00000003     ti_msp_dl_config.o (.rodata.gTIM_GAPClockConfig)
                  0000225a    00000006     --HOLE-- [fill = 0]

.init_array 
*          0    00000000    00000000     UNINITIALIZED

.binit     0    00000000    00000000     

.bss       0    20200000    00000229     UNINITIALIZED
                  20200000    000000bc     (.common:gPWM_0Backup)
                  202000bc    000000bc     (.common:gTIM_GAPBackup)
                  20200178    000000b0     (.common:sensor)
                  20200228    00000001     (.common:Digtal)

.data      0    2020022c    0000013c     UNINITIALIZED
                  2020022c    00000100     main.o (.data.Gray_rx_buff)
                  2020032c    00000010     main.o (.data.Anolog)
                  2020033c    00000010     main.o (.data.black)
                  2020034c    00000010     main.o (.data.white)
                  2020035c    00000004     main.o (.data.counter_10ms)
                  20200360    00000004     main.o (.data.i)
                  20200364    00000002     AT8236.o (.data.Turn_Delay_Counter)
                  20200366    00000001     AT8236.o (.data.Turn_Delay_Flag)
                  20200367    00000001     AT8236.o (.data.Turn_Index)

.stack     0    20207e00    00000200     UNINITIALIZED
                  20207e00    00000004     libc.a : boot_cortex_m.c.obj (.stack)
                  20207e04    000001fc     --HOLE--

__llvm_prf_cnts 
*          0    20200000    00000000     UNINITIALIZED

__llvm_prf_bits 
*          0    20200000    00000000     UNINITIALIZED

MODULE SUMMARY

       Module                         code   ro data   rw data
       ------                         ----   -------   -------
    .\
       Grayscale_Sensor.o             2036   0         0      
       main.o                         1024   66        489    
       ti_msp_dl_config.o             764    54        376    
       AT8236.o                       1036   0         4      
       startup_mspm0g350x_ticlang.o   6      192       0      
    +--+------------------------------+------+---------+---------+
       Total:                         4866   312       869    
                                                              
    E:/TI/mspm0_sdk_2_05_01_00/source/ti/driverlib/lib/ticlang/m0p/mspm0g1x0x_g3x0x/driverlib.a
       dl_timer.o                     588    0         0      
       dl_uart.o                      90     0         0      
       dl_adc12.o                     64     0         0      
       dl_common.o                    10     0         0      
    +--+------------------------------+------+---------+---------+
       Total:                         752    0         0      
                                                              
    E:\CCS\ccs\tools\compiler\ti-cgt-armllvm_4.0.3.LTS\lib\armv6m-ti-none-eabi/c/libc.a
       _printfi.c.obj                 658    17        0      
       memcpy16.S.obj                 154    0         0      
       copy_decompress_lzss.c.obj     124    0         0      
       memset16.S.obj                 98     0         0      
       sprintf.c.obj                  90     0         0      
       autoinit.c.obj                 60     0         0      
       boot_cortex_m.c.obj            40     0         0      
       memccpy.c.obj                  34     0         0      
       copy_zero_init.c.obj           22     0         0      
       copy_decompress_none.c.obj     18     0         0      
       exit.c.obj                     6      0         0      
       pre_init.c.obj                 4      0         0      
    +--+------------------------------+------+---------+---------+
       Total:                         1308   17        0      
                                                              
    E:\CCS\ccs\tools\compiler\ti-cgt-armllvm_4.0.3.LTS\lib\armv6m-ti-none-eabi/c/libsysbm.a
       hostexit.c.obj                 4      0         0      
    +--+------------------------------+------+---------+---------+
       Total:                         4      0         0      
                                                              
    E:\CCS\ccs\tools\compiler\ti-cgt-armllvm_4.0.3.LTS\lib\armv6m-ti-none-eabi/libclang_rt.builtins.a
       adddf3.S.obj                   402    0         0      
       divdf3.S.obj                   268    0         0      
       muldf3.S.obj                   228    0         0      
       comparedf2.c.obj               220    0         0      
       aeabi_dcmp.S.obj               98     0         0      
       fixdfsi.S.obj                  74     0         0      
       aeabi_uidivmod.S.obj           64     0         0      
       muldsi3.S.obj                  58     0         0      
       floatsidf.S.obj                44     0         0      
       floatunsidf.S.obj              36     0         0      
       aeabi_memset.S.obj             26     0         0      
       aeabi_memcpy.S.obj             8      0         0      
       aeabi_div0.c.obj               2      0         0      
    +--+------------------------------+------+---------+---------+
       Total:                         1528   0         0      
                                                              
       Stack:                         0      0         512    
       Linker Generated:              0      83        0      
    +--+------------------------------+------+---------+---------+
       Grand Total:                   8458   412       1381   


LINKER GENERATED COPY TABLES

__TI_cinit_table @ 000022a4 records: 2, size/record: 8, table size: 16
	.data: load addr=00002260, load size=0000002f bytes, run addr=2020022c, run size=0000013c bytes, compression=lzss
	.bss: load addr=0000229c, load size=00000008 bytes, run addr=20200000, run size=00000229 bytes, compression=zero_init


LINKER GENERATED HANDLER TABLE

__TI_handler_table @ 00002290 records: 3, size/record: 4, table size: 12
	index: 0, handler: __TI_decompress_lzss
	index: 1, handler: __TI_decompress_none
	index: 2, handler: __TI_zero_init


GLOBAL SYMBOLS: SORTED ALPHABETICALLY BY Name 

address   name                                
-------   ----                                
00000fc3  ADC0_IRQHandler                     
00000fc3  ADC1_IRQHandler                     
00000fc3  AES_IRQHandler                      
2020032c  Anolog                              
000021c4  C$$EXIT                             
00000fc3  CANFD0_IRQHandler                   
00000fc3  DAC0_IRQHandler                     
00001d05  DL_ADC12_setClockConfig             
0000219d  DL_Common_delayCycles               
000013d9  DL_Timer_initFourCCPWMMode          
000014dd  DL_Timer_initTimerMode              
000020b5  DL_Timer_setCaptCompUpdateMethod    
000020ed  DL_Timer_setCaptureCompareOutCtl    
00002159  DL_Timer_setCaptureCompareValue     
000020d1  DL_Timer_setClockConfig             
00001cbd  DL_UART_init                        
00002133  DL_UART_setClockConfig              
00000fc3  DMA_IRQHandler                      
00000fc3  Default_Handler                     
20200228  Digtal                              
00000fc3  GROUP0_IRQHandler                   
00000fc3  GROUP1_IRQHandler                   
00001151  Get_Anolog_Value                    
000021b9  Get_Digtal_For_User                 
000003f5  GrayControl                         
2020022c  Gray_rx_buff                        
000021c5  HOSTexit                            
00000fc3  HardFault_Handler                   
00000fc3  I2C0_IRQHandler                     
00000fc3  I2C1_IRQHandler                     
00001fcd  MotorInit                           
00001dc5  MoveForward                         
00000fc3  NMI_Handler                         
00000fc5  No_MCU_Ganv_Sensor_Init             
00002097  No_MCU_Ganv_Sensor_Init_Frist       
000006e5  No_Mcu_Ganv_Sensor_Task_Without_tick
00000fc3  PendSV_Handler                      
00000fc3  RTC_IRQHandler                      
000021c9  Reset_Handler                       
00000fc3  SPI0_IRQHandler                     
00000fc3  SPI1_IRQHandler                     
00000fc3  SVC_Handler                         
00001bc9  SYSCFG_DL_ADC12_0_init              
000019d5  SYSCFG_DL_GPIO_init                 
000016a9  SYSCFG_DL_PWM_0_init                
00001d45  SYSCFG_DL_SYSCTL_init               
00001ef1  SYSCFG_DL_TIM_GAP_init              
00001b69  SYSCFG_DL_UART_0_init               
00001f99  SYSCFG_DL_init                      
00001c1d  SYSCFG_DL_initPower                 
00001f29  Stop                                
00000fc3  SysTick_Handler                     
00000fc3  TIMA0_IRQHandler                    
00001789  TIMA1_IRQHandler                    
00000fc3  TIMG0_IRQHandler                    
00000fc3  TIMG12_IRQHandler                   
00000fc3  TIMG6_IRQHandler                    
00000fc3  TIMG7_IRQHandler                    
00000fc3  TIMG8_IRQHandler                    
00001e01  TurnLT                              
00001e3d  TurnRT                              
20200364  Turn_Delay_Counter                  
20200366  Turn_Delay_Flag                     
20200367  Turn_Index                          
00000fc3  UART0_IRQHandler                    
00000fc3  UART1_IRQHandler                    
00000fc3  UART2_IRQHandler                    
00000fc3  UART3_IRQHandler                    
20208000  __STACK_END                         
00000200  __STACK_SIZE                        
00000000  __TI_ATRegion0_region_sz            
00000000  __TI_ATRegion0_src_addr             
00000000  __TI_ATRegion0_trg_addr             
00000000  __TI_ATRegion1_region_sz            
00000000  __TI_ATRegion1_src_addr             
00000000  __TI_ATRegion1_trg_addr             
00000000  __TI_ATRegion2_region_sz            
00000000  __TI_ATRegion2_src_addr             
00000000  __TI_ATRegion2_trg_addr             
000022a4  __TI_CINIT_Base                     
000022b4  __TI_CINIT_Limit                    
000022b4  __TI_CINIT_Warm                     
00002290  __TI_Handler_Table_Base             
0000229c  __TI_Handler_Table_Limit            
00001e79  __TI_auto_init_nobinit_nopinit      
000018e5  __TI_decompress_lzss                
00002145  __TI_decompress_none                
ffffffff  __TI_pprof_out_hndl                 
00000979  __TI_printfi_minimal                
ffffffff  __TI_prof_data_size                 
ffffffff  __TI_prof_data_start                
00000000  __TI_static_base__                  
0000211d  __TI_zero_init_nomemset             
00000e3b  __adddf3                            
00001c71  __aeabi_d2iz                        
00000e3b  __aeabi_dadd                        
00001aa5  __aeabi_dcmpeq                      
00001ae1  __aeabi_dcmpge                      
00001af5  __aeabi_dcmpgt                      
00001acd  __aeabi_dcmple                      
00001ab9  __aeabi_dcmplt                      
000012cd  __aeabi_ddiv                        
000015c5  __aeabi_dmul                        
00000e31  __aeabi_dsub                        
00001ffd  __aeabi_i2d                         
000018e3  __aeabi_idiv0                       
00002185  __aeabi_memclr                      
00002185  __aeabi_memclr4                     
00002185  __aeabi_memclr8                     
000021b1  __aeabi_memcpy                      
000021b1  __aeabi_memcpy4                     
000021b1  __aeabi_memcpy8                     
00002169  __aeabi_memset                      
00002169  __aeabi_memset4                     
00002169  __aeabi_memset8                     
00002051  __aeabi_ui2d                        
00001d85  __aeabi_uidiv                       
00001d85  __aeabi_uidivmod                    
ffffffff  __binit__                           
00001a3d  __cmpdf2                            
000012cd  __divdf3                            
00001a3d  __eqdf2                             
00001c71  __fixdfsi                           
00001ffd  __floatsidf                         
00002051  __floatunsidf                       
00001961  __gedf2                             
00001961  __gtdf2                             
00001a3d  __ledf2                             
00001a3d  __ltdf2                             
UNDEFED   __mpu_init                          
000015c5  __muldf3                            
00001eb5  __muldsi3                           
00001a3d  __nedf2                             
20207e00  __stack                             
20200000  __start___llvm_prf_bits             
20200000  __start___llvm_prf_cnts             
20200000  __stop___llvm_prf_bits              
20200000  __stop___llvm_prf_cnts              
00000e31  __subdf3                            
00002029  _c_int00_noargs                     
UNDEFED   _system_post_cinit                  
000021cd  _system_pre_init                    
000021bf  abort                               
00002191  adc_getValue                        
ffffffff  binit                               
2020033c  black                               
2020035c  counter_10ms                        
20200000  gPWM_0Backup                        
202000bc  gTIM_GAPBackup                      
20200360  i                                   
00000000  interruptVectors                    
000000c1  main                                
00002075  memccpy                             
00001849  memcpy                              
00001b07  memset                              
00000bfd  normalizeAnalogValues               
20200178  sensor                              
00001f61  sprintf                             
2020034c  white                               


GLOBAL SYMBOLS: SORTED BY Symbol Address 

address   name                                
-------   ----                                
00000000  __TI_ATRegion0_region_sz            
00000000  __TI_ATRegion0_src_addr             
00000000  __TI_ATRegion0_trg_addr             
00000000  __TI_ATRegion1_region_sz            
00000000  __TI_ATRegion1_src_addr             
00000000  __TI_ATRegion1_trg_addr             
00000000  __TI_ATRegion2_region_sz            
00000000  __TI_ATRegion2_src_addr             
00000000  __TI_ATRegion2_trg_addr             
00000000  __TI_static_base__                  
00000000  interruptVectors                    
000000c1  main                                
00000200  __STACK_SIZE                        
000003f5  GrayControl                         
000006e5  No_Mcu_Ganv_Sensor_Task_Without_tick
00000979  __TI_printfi_minimal                
00000bfd  normalizeAnalogValues               
00000e31  __aeabi_dsub                        
00000e31  __subdf3                            
00000e3b  __adddf3                            
00000e3b  __aeabi_dadd                        
00000fc3  ADC0_IRQHandler                     
00000fc3  ADC1_IRQHandler                     
00000fc3  AES_IRQHandler                      
00000fc3  CANFD0_IRQHandler                   
00000fc3  DAC0_IRQHandler                     
00000fc3  DMA_IRQHandler                      
00000fc3  Default_Handler                     
00000fc3  GROUP0_IRQHandler                   
00000fc3  GROUP1_IRQHandler                   
00000fc3  HardFault_Handler                   
00000fc3  I2C0_IRQHandler                     
00000fc3  I2C1_IRQHandler                     
00000fc3  NMI_Handler                         
00000fc3  PendSV_Handler                      
00000fc3  RTC_IRQHandler                      
00000fc3  SPI0_IRQHandler                     
00000fc3  SPI1_IRQHandler                     
00000fc3  SVC_Handler                         
00000fc3  SysTick_Handler                     
00000fc3  TIMA0_IRQHandler                    
00000fc3  TIMG0_IRQHandler                    
00000fc3  TIMG12_IRQHandler                   
00000fc3  TIMG6_IRQHandler                    
00000fc3  TIMG7_IRQHandler                    
00000fc3  TIMG8_IRQHandler                    
00000fc3  UART0_IRQHandler                    
00000fc3  UART1_IRQHandler                    
00000fc3  UART2_IRQHandler                    
00000fc3  UART3_IRQHandler                    
00000fc5  No_MCU_Ganv_Sensor_Init             
00001151  Get_Anolog_Value                    
000012cd  __aeabi_ddiv                        
000012cd  __divdf3                            
000013d9  DL_Timer_initFourCCPWMMode          
000014dd  DL_Timer_initTimerMode              
000015c5  __aeabi_dmul                        
000015c5  __muldf3                            
000016a9  SYSCFG_DL_PWM_0_init                
00001789  TIMA1_IRQHandler                    
00001849  memcpy                              
000018e3  __aeabi_idiv0                       
000018e5  __TI_decompress_lzss                
00001961  __gedf2                             
00001961  __gtdf2                             
000019d5  SYSCFG_DL_GPIO_init                 
00001a3d  __cmpdf2                            
00001a3d  __eqdf2                             
00001a3d  __ledf2                             
00001a3d  __ltdf2                             
00001a3d  __nedf2                             
00001aa5  __aeabi_dcmpeq                      
00001ab9  __aeabi_dcmplt                      
00001acd  __aeabi_dcmple                      
00001ae1  __aeabi_dcmpge                      
00001af5  __aeabi_dcmpgt                      
00001b07  memset                              
00001b69  SYSCFG_DL_UART_0_init               
00001bc9  SYSCFG_DL_ADC12_0_init              
00001c1d  SYSCFG_DL_initPower                 
00001c71  __aeabi_d2iz                        
00001c71  __fixdfsi                           
00001cbd  DL_UART_init                        
00001d05  DL_ADC12_setClockConfig             
00001d45  SYSCFG_DL_SYSCTL_init               
00001d85  __aeabi_uidiv                       
00001d85  __aeabi_uidivmod                    
00001dc5  MoveForward                         
00001e01  TurnLT                              
00001e3d  TurnRT                              
00001e79  __TI_auto_init_nobinit_nopinit      
00001eb5  __muldsi3                           
00001ef1  SYSCFG_DL_TIM_GAP_init              
00001f29  Stop                                
00001f61  sprintf                             
00001f99  SYSCFG_DL_init                      
00001fcd  MotorInit                           
00001ffd  __aeabi_i2d                         
00001ffd  __floatsidf                         
00002029  _c_int00_noargs                     
00002051  __aeabi_ui2d                        
00002051  __floatunsidf                       
00002075  memccpy                             
00002097  No_MCU_Ganv_Sensor_Init_Frist       
000020b5  DL_Timer_setCaptCompUpdateMethod    
000020d1  DL_Timer_setClockConfig             
000020ed  DL_Timer_setCaptureCompareOutCtl    
0000211d  __TI_zero_init_nomemset             
00002133  DL_UART_setClockConfig              
00002145  __TI_decompress_none                
00002159  DL_Timer_setCaptureCompareValue     
00002169  __aeabi_memset                      
00002169  __aeabi_memset4                     
00002169  __aeabi_memset8                     
00002185  __aeabi_memclr                      
00002185  __aeabi_memclr4                     
00002185  __aeabi_memclr8                     
00002191  adc_getValue                        
0000219d  DL_Common_delayCycles               
000021b1  __aeabi_memcpy                      
000021b1  __aeabi_memcpy4                     
000021b1  __aeabi_memcpy8                     
000021b9  Get_Digtal_For_User                 
000021bf  abort                               
000021c4  C$$EXIT                             
000021c5  HOSTexit                            
000021c9  Reset_Handler                       
000021cd  _system_pre_init                    
00002290  __TI_Handler_Table_Base             
0000229c  __TI_Handler_Table_Limit            
000022a4  __TI_CINIT_Base                     
000022b4  __TI_CINIT_Limit                    
000022b4  __TI_CINIT_Warm                     
20200000  __start___llvm_prf_bits             
20200000  __start___llvm_prf_cnts             
20200000  __stop___llvm_prf_bits              
20200000  __stop___llvm_prf_cnts              
20200000  gPWM_0Backup                        
202000bc  gTIM_GAPBackup                      
20200178  sensor                              
20200228  Digtal                              
2020022c  Gray_rx_buff                        
2020032c  Anolog                              
2020033c  black                               
2020034c  white                               
2020035c  counter_10ms                        
20200360  i                                   
20200364  Turn_Delay_Counter                  
20200366  Turn_Delay_Flag                     
20200367  Turn_Index                          
20207e00  __stack                             
20208000  __STACK_END                         
ffffffff  __TI_pprof_out_hndl                 
ffffffff  __TI_prof_data_size                 
ffffffff  __TI_prof_data_start                
ffffffff  __binit__                           
ffffffff  binit                               
UNDEFED   __mpu_init                          
UNDEFED   _system_post_cinit                  

[159 symbols]
